Release 14.7 - xst P.20131013 (nt64)
Copyright (c) 1995-2013 Xilinx, Inc.  All rights reserved.
--> Parameter TMPDIR set to xst/projnav.tmp


Total REAL time to Xst completion: 0.00 secs
Total CPU time to Xst completion: 0.35 secs
 
--> Parameter xsthdpdir set to xst


Total REAL time to Xst completion: 0.00 secs
Total CPU time to Xst completion: 0.36 secs
 
--> Reading design: alu.prj

TABLE OF CONTENTS
  1) Synthesis Options Summary
  2) HDL Parsing
  3) HDL Elaboration
  4) HDL Synthesis
       4.1) HDL Synthesis Report
  5) Advanced HDL Synthesis
       5.1) Advanced HDL Synthesis Report
  6) Low Level Synthesis
  7) Partition Report
  8) Design Summary
       8.1) Primitive and Black Box Usage
       8.2) Device utilization summary
       8.3) Partition Resource Summary
       8.4) Timing Report
            8.4.1) Clock Information
            8.4.2) Asynchronous Control Signals Information
            8.4.3) Timing Summary
            8.4.4) Timing Details
            8.4.5) Cross Clock Domains Report


=========================================================================
*                      Synthesis Options Summary                        *
=========================================================================
---- Source Parameters
Input File Name                    : "alu.prj"
Ignore Synthesis Constraint File   : NO

---- Target Parameters
Output File Name                   : "alu"
Output Format                      : NGC
Target Device                      : xc6slx16-3-csg324

---- Source Options
Top Module Name                    : alu
Automatic FSM Extraction           : YES
FSM Encoding Algorithm             : Auto
Safe Implementation                : No
FSM Style                          : LUT
RAM Extraction                     : Yes
RAM Style                          : Auto
ROM Extraction                     : Yes
Shift Register Extraction          : YES
ROM Style                          : Auto
Resource Sharing                   : YES
Asynchronous To Synchronous        : NO
Shift Register Minimum Size        : 2
Use DSP Block                      : Auto
Automatic Register Balancing       : No

---- Target Options
LUT Combining                      : Auto
Reduce Control Sets                : Auto
Add IO Buffers                     : YES
Global Maximum Fanout              : 100000
Add Generic Clock Buffer(BUFG)     : 16
Register Duplication               : YES
Optimize Instantiated Primitives   : NO
Use Clock Enable                   : Auto
Use Synchronous Set                : Auto
Use Synchronous Reset              : Auto
Pack IO Registers into IOBs        : Auto
Equivalent register Removal        : YES

---- General Options
Optimization Goal                  : Speed
Optimization Effort                : 1
Power Reduction                    : NO
Keep Hierarchy                     : No
Netlist Hierarchy                  : As_Optimized
RTL Output                         : Yes
Global Optimization                : AllClockNets
Read Cores                         : YES
Write Timing Constraints           : NO
Cross Clock Analysis               : NO
Hierarchy Separator                : /
Bus Delimiter                      : <>
Case Specifier                     : Maintain
Slice Utilization Ratio            : 100
BRAM Utilization Ratio             : 100
DSP48 Utilization Ratio            : 100
Auto BRAM Packing                  : NO
Slice Utilization Ratio Delta      : 5

=========================================================================


=========================================================================
*                          HDL Parsing                                  *
=========================================================================
Analyzing Verilog file "D:\study\COD lab\lab1\lab1.v\alu.v" into library work
Parsing module <alu>.

=========================================================================
*                            HDL Elaboration                            *
=========================================================================

Elaborating module <alu>.

=========================================================================
*                           HDL Synthesis                               *
=========================================================================

Synthesizing Unit <alu>.
    Related source file is "D:\study\COD lab\lab1\lab1.v\alu.v".
    Found 32-bit subtractor for signal <alu_a[31]_alu_b[31]_sub_2_OUT> created at line 31.
    Found 32-bit adder for signal <alu_a[31]_alu_b[31]_add_0_OUT> created at line 30.
    Found 32-bit 6-to-1 multiplexer for signal <_n0074> created at line 29.
WARNING:Xst:737 - Found 1-bit latch for signal <alu_out<30>>. Latches may be generated from incomplete case or if statements. We do not recommend the use of latches in FPGA/CPLD designs, as they may lead to timing problems.
WARNING:Xst:737 - Found 1-bit latch for signal <alu_out<29>>. Latches may be generated from incomplete case or if statements. We do not recommend the use of latches in FPGA/CPLD designs, as they may lead to timing problems.
WARNING:Xst:737 - Found 1-bit latch for signal <alu_out<28>>. Latches may be generated from incomplete case or if statements. We do not recommend the use of latches in FPGA/CPLD designs, as they may lead to timing problems.
WARNING:Xst:737 - Found 1-bit latch for signal <alu_out<27>>. Latches may be generated from incomplete case or if statements. We do not recommend the use of latches in FPGA/CPLD designs, as they may lead to timing problems.
WARNING:Xst:737 - Found 1-bit latch for signal <alu_out<26>>. Latches may be generated from incomplete case or if statements. We do not recommend the use of latches in FPGA/CPLD designs, as they may lead to timing problems.
WARNING:Xst:737 - Found 1-bit latch for signal <alu_out<25>>. Latches may be generated from incomplete case or if statements. We do not recommend the use of latches in FPGA/CPLD designs, as they may lead to timing problems.
WARNING:Xst:737 - Found 1-bit latch for signal <alu_out<24>>. Latches may be generated from incomplete case or if statements. We do not recommend the use of latches in FPGA/CPLD designs, as they may lead to timing problems.
WARNING:Xst:737 - Found 1-bit latch for signal <alu_out<23>>. Latches may be generated from incomplete case or if statements. We do not recommend the use of latches in FPGA/CPLD designs, as they may lead to timing problems.
WARNING:Xst:737 - Found 1-bit latch for signal <alu_out<22>>. Latches may be generated from incomplete case or if statements. We do not recommend the use of latches in FPGA/CPLD designs, as they may lead to timing problems.
WARNING:Xst:737 - Found 1-bit latch for signal <alu_out<21>>. Latches may be generated from incomplete case or if statements. We do not recommend the use of latches in FPGA/CPLD designs, as they may lead to timing problems.
WARNING:Xst:737 - Found 1-bit latch for signal <alu_out<20>>. Latches may be generated from incomplete case or if statements. We do not recommend the use of latches in FPGA/CPLD designs, as they may lead to timing problems.
WARNING:Xst:737 - Found 1-bit latch for signal <alu_out<19>>. Latches may be generated from incomplete case or if statements. We do not recommend the use of latches in FPGA/CPLD designs, as they may lead to timing problems.
WARNING:Xst:737 - Found 1-bit latch for signal <alu_out<18>>. Latches may be generated from incomplete case or if statements. We do not recommend the use of latches in FPGA/CPLD designs, as they may lead to timing problems.
WARNING:Xst:737 - Found 1-bit latch for signal <alu_out<17>>. Latches may be generated from incomplete case or if statements. We do not recommend the use of latches in FPGA/CPLD designs, as they may lead to timing problems.
WARNING:Xst:737 - Found 1-bit latch for signal <alu_out<16>>. Latches may be generated from incomplete case or if statements. We do not recommend the use of latches in FPGA/CPLD designs, as they may lead to timing problems.
WARNING:Xst:737 - Found 1-bit latch for signal <alu_out<15>>. Latches may be generated from incomplete case or if statements. We do not recommend the use of latches in FPGA/CPLD designs, as they may lead to timing problems.
WARNING:Xst:737 - Found 1-bit latch for signal <alu_out<14>>. Latches may be generated from incomplete case or if statements. We do not recommend the use of latches in FPGA/CPLD designs, as they may lead to timing problems.
WARNING:Xst:737 - Found 1-bit latch for signal <alu_out<13>>. Latches may be generated from incomplete case or if statements. We do not recommend the use of latches in FPGA/CPLD designs, as they may lead to timing problems.
WARNING:Xst:737 - Found 1-bit latch for signal <alu_out<12>>. Latches may be generated from incomplete case or if statements. We do not recommend the use of latches in FPGA/CPLD designs, as they may lead to timing problems.
WARNING:Xst:737 - Found 1-bit latch for signal <alu_out<11>>. Latches may be generated from incomplete case or if statements. We do not recommend the use of latches in FPGA/CPLD designs, as they may lead to timing problems.
WARNING:Xst:737 - Found 1-bit latch for signal <alu_out<10>>. Latches may be generated from incomplete case or if statements. We do not recommend the use of latches in FPGA/CPLD designs, as they may lead to timing problems.
WARNING:Xst:737 - Found 1-bit latch for signal <alu_out<9>>. Latches may be generated from incomplete case or if statements. We do not recommend the use of latches in FPGA/CPLD designs, as they may lead to timing problems.
WARNING:Xst:737 - Found 1-bit latch for signal <alu_out<8>>. Latches may be generated from incomplete case or if statements. We do not recommend the use of latches in FPGA/CPLD designs, as they may lead to timing problems.
WARNING:Xst:737 - Found 1-bit latch for signal <alu_out<7>>. Latches may be generated from incomplete case or if statements. We do not recommend the use of latches in FPGA/CPLD designs, as they may lead to timing problems.
WARNING:Xst:737 - Found 1-bit latch for signal <alu_out<6>>. Latches may be generated from incomplete case or if statements. We do not recommend the use of latches in FPGA/CPLD designs, as they may lead to timing problems.
WARNING:Xst:737 - Found 1-bit latch for signal <alu_out<5>>. Latches may be generated from incomplete case or if statements. We do not recommend the use of latches in FPGA/CPLD designs, as they may lead to timing problems.
WARNING:Xst:737 - Found 1-bit latch for signal <alu_out<4>>. Latches may be generated from incomplete case or if statements. We do not recommend the use of latches in FPGA/CPLD designs, as they may lead to timing problems.
WARNING:Xst:737 - Found 1-bit latch for signal <alu_out<3>>. Latches may be generated from incomplete case or if statements. We do not recommend the use of latches in FPGA/CPLD designs, as they may lead to timing problems.
WARNING:Xst:737 - Found 1-bit latch for signal <alu_out<2>>. Latches may be generated from incomplete case or if statements. We do not recommend the use of latches in FPGA/CPLD designs, as they may lead to timing problems.
WARNING:Xst:737 - Found 1-bit latch for signal <alu_out<1>>. Latches may be generated from incomplete case or if statements. We do not recommend the use of latches in FPGA/CPLD designs, as they may lead to timing problems.
WARNING:Xst:737 - Found 1-bit latch for signal <alu_out<0>>. Latches may be generated from incomplete case or if statements. We do not recommend the use of latches in FPGA/CPLD designs, as they may lead to timing problems.
WARNING:Xst:737 - Found 1-bit latch for signal <alu_out<31>>. Latches may be generated from incomplete case or if statements. We do not recommend the use of latches in FPGA/CPLD designs, as they may lead to timing problems.
    Summary:
	inferred   1 Adder/Subtractor(s).
	inferred  32 Latch(s).
	inferred   7 Multiplexer(s).
Unit <alu> synthesized.

=========================================================================
HDL Synthesis Report

Macro Statistics
# Adders/Subtractors                                   : 1
 32-bit addsub                                         : 1
# Latches                                              : 32
 1-bit latch                                           : 32
# Multiplexers                                         : 7
 32-bit 2-to-1 multiplexer                             : 7
# Xors                                                 : 1
 32-bit xor2                                           : 1

=========================================================================
INFO:Xst:1767 - HDL ADVISOR - Resource sharing has identified that some arithmetic operations in this design can share the same physical resources for reduced device utilization. For improved clock frequency you may try to disable resource sharing.

=========================================================================
*                       Advanced HDL Synthesis                          *
=========================================================================


=========================================================================
Advanced HDL Synthesis Report

Macro Statistics
# Adders/Subtractors                                   : 1
 32-bit addsub                                         : 1
# Multiplexers                                         : 7
 32-bit 2-to-1 multiplexer                             : 7
# Xors                                                 : 1
 32-bit xor2                                           : 1

=========================================================================

=========================================================================
*                         Low Level Synthesis                           *
=========================================================================

Optimizing unit <alu> ...

Mapping all equations...
Building and optimizing final netlist ...
Found area constraint ratio of 100 (+ 5) on block alu, actual ratio is 1.

Final Macro Processing ...

=========================================================================
Final Register Report

Found no macro
=========================================================================

=========================================================================
*                           Partition Report                            *
=========================================================================

Partition Implementation Status
-------------------------------

  No Partitions were found in this design.

-------------------------------

=========================================================================
*                            Design Summary                             *
=========================================================================

Top Level Output File Name         : alu.ngc

Primitive and Black Box Usage:
------------------------------
# BELS                             : 159
#      LUT4                        : 63
#      LUT5                        : 1
#      LUT6                        : 32
#      MUXCY                       : 31
#      XORCY                       : 32
# FlipFlops/Latches                : 32
#      LD                          : 32
# Clock Buffers                    : 1
#      BUFG                        : 1
# IO Buffers                       : 101
#      IBUF                        : 69
#      OBUF                        : 32

Device utilization summary:
---------------------------

Selected Device : 6slx16csg324-3 


Slice Logic Utilization: 
 Number of Slice LUTs:                   96  out of   9112     1%  
    Number used as Logic:                96  out of   9112     1%  

Slice Logic Distribution: 
 Number of LUT Flip Flop pairs used:     96
   Number with an unused Flip Flop:      96  out of     96   100%  
   Number with an unused LUT:             0  out of     96     0%  
   Number of fully used LUT-FF pairs:     0  out of     96     0%  
   Number of unique control sets:         1

IO Utilization: 
 Number of IOs:                         101
 Number of bonded IOBs:                 101  out of    232    43%  
    IOB Flip Flops/Latches:              32

Specific Feature Utilization:
 Number of BUFG/BUFGCTRLs:                1  out of     16     6%  

---------------------------
Partition Resource Summary:
---------------------------

  No Partitions were found in this design.

---------------------------


=========================================================================
Timing Report

NOTE: THESE TIMING NUMBERS ARE ONLY A SYNTHESIS ESTIMATE.
      FOR ACCURATE TIMING INFORMATION PLEASE REFER TO THE TRACE REPORT
      GENERATED AFTER PLACE-and-ROUTE.

Clock Information:
------------------
-----------------------------------+------------------------+-------+
Clock Signal                       | Clock buffer(FF name)  | Load  |
-----------------------------------+------------------------+-------+
_n0077(out1:O)                     | BUFG(*)(alu_out_30)    | 32    |
-----------------------------------+------------------------+-------+
(*) This 1 clock signal(s) are generated by combinatorial logic,
and XST is not able to identify which are the primary clock signals.
Please use the CLOCK_SIGNAL constraint to specify the clock signal(s) generated by combinatorial logic.

Asynchronous Control Signals Information:
----------------------------------------
No asynchronous control signals found in this design

Timing Summary:
---------------
Speed Grade: -3

   Minimum period: No path found
   Minimum input arrival time before clock: 5.267ns
   Maximum output required time after clock: 3.648ns
   Maximum combinational path delay: No path found

Timing Details:
---------------
All values displayed in nanoseconds (ns)

=========================================================================
Timing constraint: Default OFFSET IN BEFORE for Clock '_n0077'
  Total number of paths / destination ports: 4288 / 32
-------------------------------------------------------------------------
Offset:              5.267ns (Levels of Logic = 35)
  Source:            alu_op<0> (PAD)
  Destination:       alu_out_31 (LATCH)
  Destination Clock: _n0077 falling

  Data Path: alu_op<0> to alu_out_31
                                Gate     Net
    Cell:in->out      fanout   Delay   Delay  Logical Name (Net Name)
    ----------------------------------------  ------------
     IBUF:I->O            96   1.222   2.098  alu_op_0_IBUF (alu_op_0_IBUF)
     LUT4:I0->O            1   0.203   0.000  Mmux__n00742_rs_lut<0> (Mmux__n00742_rs_lut<0>)
     MUXCY:S->O            1   0.172   0.000  Mmux__n00742_rs_cy<0> (Mmux__n00742_rs_cy<0>)
     MUXCY:CI->O           1   0.019   0.000  Mmux__n00742_rs_cy<1> (Mmux__n00742_rs_cy<1>)
     MUXCY:CI->O           1   0.019   0.000  Mmux__n00742_rs_cy<2> (Mmux__n00742_rs_cy<2>)
     MUXCY:CI->O           1   0.019   0.000  Mmux__n00742_rs_cy<3> (Mmux__n00742_rs_cy<3>)
     MUXCY:CI->O           1   0.019   0.000  Mmux__n00742_rs_cy<4> (Mmux__n00742_rs_cy<4>)
     MUXCY:CI->O           1   0.019   0.000  Mmux__n00742_rs_cy<5> (Mmux__n00742_rs_cy<5>)
     MUXCY:CI->O           1   0.019   0.000  Mmux__n00742_rs_cy<6> (Mmux__n00742_rs_cy<6>)
     MUXCY:CI->O           1   0.019   0.000  Mmux__n00742_rs_cy<7> (Mmux__n00742_rs_cy<7>)
     MUXCY:CI->O           1   0.019   0.000  Mmux__n00742_rs_cy<8> (Mmux__n00742_rs_cy<8>)
     MUXCY:CI->O           1   0.019   0.000  Mmux__n00742_rs_cy<9> (Mmux__n00742_rs_cy<9>)
     MUXCY:CI->O           1   0.019   0.000  Mmux__n00742_rs_cy<10> (Mmux__n00742_rs_cy<10>)
     MUXCY:CI->O           1   0.019   0.000  Mmux__n00742_rs_cy<11> (Mmux__n00742_rs_cy<11>)
     MUXCY:CI->O           1   0.019   0.000  Mmux__n00742_rs_cy<12> (Mmux__n00742_rs_cy<12>)
     MUXCY:CI->O           1   0.019   0.000  Mmux__n00742_rs_cy<13> (Mmux__n00742_rs_cy<13>)
     MUXCY:CI->O           1   0.019   0.000  Mmux__n00742_rs_cy<14> (Mmux__n00742_rs_cy<14>)
     MUXCY:CI->O           1   0.019   0.000  Mmux__n00742_rs_cy<15> (Mmux__n00742_rs_cy<15>)
     MUXCY:CI->O           1   0.019   0.000  Mmux__n00742_rs_cy<16> (Mmux__n00742_rs_cy<16>)
     MUXCY:CI->O           1   0.019   0.000  Mmux__n00742_rs_cy<17> (Mmux__n00742_rs_cy<17>)
     MUXCY:CI->O           1   0.019   0.000  Mmux__n00742_rs_cy<18> (Mmux__n00742_rs_cy<18>)
     MUXCY:CI->O           1   0.019   0.000  Mmux__n00742_rs_cy<19> (Mmux__n00742_rs_cy<19>)
     MUXCY:CI->O           1   0.019   0.000  Mmux__n00742_rs_cy<20> (Mmux__n00742_rs_cy<20>)
     MUXCY:CI->O           1   0.019   0.000  Mmux__n00742_rs_cy<21> (Mmux__n00742_rs_cy<21>)
     MUXCY:CI->O           1   0.019   0.000  Mmux__n00742_rs_cy<22> (Mmux__n00742_rs_cy<22>)
     MUXCY:CI->O           1   0.019   0.000  Mmux__n00742_rs_cy<23> (Mmux__n00742_rs_cy<23>)
     MUXCY:CI->O           1   0.019   0.000  Mmux__n00742_rs_cy<24> (Mmux__n00742_rs_cy<24>)
     MUXCY:CI->O           1   0.019   0.000  Mmux__n00742_rs_cy<25> (Mmux__n00742_rs_cy<25>)
     MUXCY:CI->O           1   0.019   0.000  Mmux__n00742_rs_cy<26> (Mmux__n00742_rs_cy<26>)
     MUXCY:CI->O           1   0.019   0.000  Mmux__n00742_rs_cy<27> (Mmux__n00742_rs_cy<27>)
     MUXCY:CI->O           1   0.019   0.000  Mmux__n00742_rs_cy<28> (Mmux__n00742_rs_cy<28>)
     MUXCY:CI->O           1   0.019   0.000  Mmux__n00742_rs_cy<29> (Mmux__n00742_rs_cy<29>)
     MUXCY:CI->O           0   0.019   0.000  Mmux__n00742_rs_cy<30> (Mmux__n00742_rs_cy<30>)
     XORCY:CI->O           1   0.180   0.580  Mmux__n00742_rs_xor<31> (Mmux__n00742_split<1>)
     LUT6:I5->O            1   0.205   0.000  Mmux__n00745111 (Mmux__n00745_split<1>)
     LD:D                      0.037          alu_out_31
    ----------------------------------------
    Total                      5.267ns (2.589ns logic, 2.678ns route)
                                       (49.2% logic, 50.8% route)

=========================================================================
Timing constraint: Default OFFSET OUT AFTER for Clock '_n0077'
  Total number of paths / destination ports: 32 / 32
-------------------------------------------------------------------------
Offset:              3.648ns (Levels of Logic = 1)
  Source:            alu_out_31 (LATCH)
  Destination:       alu_out<31> (PAD)
  Source Clock:      _n0077 falling

  Data Path: alu_out_31 to alu_out<31>
                                Gate     Net
    Cell:in->out      fanout   Delay   Delay  Logical Name (Net Name)
    ----------------------------------------  ------------
     LD:G->Q               1   0.498   0.579  alu_out_31 (alu_out_31)
     OBUF:I->O                 2.571          alu_out_31_OBUF (alu_out<31>)
    ----------------------------------------
    Total                      3.648ns (3.069ns logic, 0.579ns route)
                                       (84.1% logic, 15.9% route)

=========================================================================

Cross Clock Domains Report:
--------------------------

=========================================================================


Total REAL time to Xst completion: 21.00 secs
Total CPU time to Xst completion: 20.69 secs
 
--> 

Total memory usage is 278836 kilobytes

Number of errors   :    0 (   0 filtered)
Number of warnings :   32 (   0 filtered)
Number of infos    :    1 (   0 filtered)

